JSCompiler_StaticMethods_assoc_BANG_:Cg
JSCompiler_StaticMethods_cljs$core$IMultiFn$_get_method$arity$2:Lh
JSCompiler_StaticMethods_cljs$core$ITransientVector$_assoc_n_BANG_$arity$3:Jf
JSCompiler_StaticMethods_sval:ce
JSCompiler_prototypeAlias:h
L 0:a
L 1:b
L 10:n
L 11:q
L 12:u
L 13:y
L 14:E
L 15:F
L 16:H
L 17:N
L 18:K
L 19:X
L 2:c
L 20:qa
L 21:Ba
L 22:Qa
L 23:Qb
L 24:ac
L 25:qb
L 26:ya
L 27:Ma
L 28:ka
L 29:ma
L 3:d
L 30:Za
L 31:zj
L 4:e
L 5:f
L 6:g
L 7:k
L 8:l
L 9:m
cached_hierarchy__5645__auto__$jscomp$inline_1281:rp
cached_hierarchy__5645__auto__$jscomp$inline_1315:Jp
cljs$core$ArrayChunk:ee
cljs$core$ArrayNode:lg
cljs$core$ArrayNodeIterator:pg
cljs$core$ArrayNodeSeq:wg
cljs$core$Atom:Me
cljs$core$BitmapIndexedNode:hg
cljs$core$BitmapIndexedNode$EMPTY:kg
cljs$core$Box:cg
cljs$core$ChunkBuffer:de
cljs$core$ChunkedCons:ge
cljs$core$ChunkedSeq:Df
cljs$core$Cons:Vd
cljs$core$Delay:rh
cljs$core$ES6EntriesIterator:Of
cljs$core$ES6Iterator:yc
cljs$core$ES6IteratorSeq:Ac
cljs$core$ES6SetEntriesIterator:Pf
cljs$core$EmptyList:Sd
cljs$core$Fn:Ka
cljs$core$HashCollisionNode:tg
cljs$core$HashMapIter:yg
cljs$core$HashSetIter:Ig
cljs$core$IAssociative:eb
cljs$core$ICollection:Ra
cljs$core$IComparable:Tb
cljs$core$ICounted:La
cljs$core$IDeref:rb
cljs$core$IEmptyableCollection:Oa
cljs$core$IIndexed:Ta
cljs$core$IIndexed$_nth$dyn_7418:Va
cljs$core$IIterable:dc
cljs$core$IKVReduce:yb
cljs$core$IList:Fb
cljs$core$ILookup:bb
cljs$core$ILookup$_lookup$dyn_7443:db
cljs$core$IMap:ib
cljs$core$IMeta:sb
cljs$core$INIT:Be
cljs$core$INext:$a
cljs$core$IPending:Mb
cljs$core$IPrintWithWriter:Kb
cljs$core$IRecord:Gb
cljs$core$IReduce:vb
cljs$core$IReduce$_reduce$dyn_7470:xb
cljs$core$IReversible:Hb
cljs$core$ISeq:Wa
cljs$core$ISeqable:Cb
cljs$core$ISequential:Eb
cljs$core$ISet:lb
cljs$core$ISwap$_swap_BANG_$dyn_7569:cc
cljs$core$ITER_SYMBOL:Ia
cljs$core$IVector:ob
cljs$core$IndexedSeq:J
cljs$core$IndexedSeqIterator:Tc
cljs$core$IntegerRange:Tg
cljs$core$IntegerRangeChunk:Rg
cljs$core$KeySeq:Eg
cljs$core$Keyword:D
cljs$core$LazySeq:be
cljs$core$List:dd
cljs$core$List$EMPTY:xc
cljs$core$MapEntry:tf
cljs$core$MetaFn:hd
cljs$core$MultiFn:Jh
cljs$core$NeverEquiv:Kf
cljs$core$NodeIterator:gg
cljs$core$NodeSeq:ug
cljs$core$PROTOCOL_SENTINEL:p
cljs$core$PersistentArrayMap:t
cljs$core$PersistentArrayMap$EMPTY:V
cljs$core$PersistentArrayMap$HASHMAP_THRESHOLD:Wf
cljs$core$PersistentArrayMap$createAsIfByAssoc:fd
cljs$core$PersistentArrayMap$createAsIfByAssocComplexPath:ag
cljs$core$PersistentArrayMapIterator:Sf
cljs$core$PersistentArrayMapSeq:Rf
cljs$core$PersistentHashMap:zg
cljs$core$PersistentHashMap$EMPTY:Xf
cljs$core$PersistentHashMap$fromArrays:Bg
cljs$core$PersistentHashSet:Jg
cljs$core$PersistentHashSet$EMPTY:Lg
cljs$core$PersistentHashSet$createAsIfByAssoc:Mg
cljs$core$PersistentVector:W
cljs$core$PersistentVector$EMPTY:cd
cljs$core$PersistentVector$EMPTY_NODE:Y
cljs$core$RSeq:Uc
cljs$core$Range:Ug
cljs$core$RangeIterator:Sg
cljs$core$RangedIterator:pf
cljs$core$RecordIter:Nf
cljs$core$Reduced:Gc
cljs$core$Repeat:Ue
cljs$core$START:Ce
cljs$core$SeqIter:De
cljs$core$StringBufferWriter:fc
cljs$core$Subvec:Ff
cljs$core$Symbol:B
cljs$core$TransientArrayMap:Vf
cljs$core$TransientHashMap:Ag
cljs$core$TransientHashSet:Kg
cljs$core$TransientVector:uf
cljs$core$ValSeq:Fg
cljs$core$Var:sc
cljs$core$VectorNode:df
cljs$core$_EQ_:G
cljs$core$_EQ__EQ_:Qd
cljs$core$_EQ__EQ_$cljs$0core$0IFn$0_invoke$0arity$02:Rd
cljs$core$_PLUS_:Ld
cljs$core$_STAR_out_STAR_:r
cljs$core$_STAR_print_fn_STAR_:pa
cljs$core$_STAR_print_length_STAR_:ta
cljs$core$_STAR_print_level_STAR_:ua
cljs$core$_STAR_print_newline_STAR_:ra
cljs$core$_STAR_print_readably_STAR_:sa
cljs$core$__destructure_map:ye
cljs$core$_add_method:Hh
cljs$core$_as_transient:Ob
cljs$core$_assoc:gb
cljs$core$_assoc_BANG_:Sb
cljs$core$_assoc_n:pb
cljs$core$_chunked_first:Wb
cljs$core$_chunked_rest:Xb
cljs$core$_compare:Ub
cljs$core$_conj:Sa
cljs$core$_conj_BANG_:Pb
cljs$core$_contains_key_QMARK_:fb
cljs$core$_count:Na
cljs$core$_deref:z
cljs$core$_drop_first:Vb
cljs$core$_empty:Pa
cljs$core$_equiv:Ab
cljs$core$_find:hb
cljs$core$_first:Xa
cljs$core$_flush:Jb
cljs$core$_global_hierarchy:wh
cljs$core$_hash:Bb
cljs$core$_indexOf$cljs$0core$0IFn$0_invoke$0arity$03:P
cljs$core$_iterator:ec
cljs$core$_key:jb
cljs$core$_kv_reduce:zb
cljs$core$_lastIndexOf$cljs$0core$0IFn$0_invoke$0arity$03:Sc
cljs$core$_lookup:cb
cljs$core$_meta:tb
cljs$core$_name:Yb
cljs$core$_namespace:Zb
cljs$core$_next:ab
cljs$core$_nth:Ua
cljs$core$_peek:mb
cljs$core$_persistent_BANG_:Rb
cljs$core$_pop:nb
cljs$core$_pr_writer:Lb
cljs$core$_realized_QMARK_:Nb
cljs$core$_reduce:wb
cljs$core$_reset_BANG_:$b
cljs$core$_rest:Ya
cljs$core$_rseq:Ib
cljs$core$_seq:Db
cljs$core$_swap_BANG_:bc
cljs$core$_val:kb
cljs$core$_with_meta:ub
cljs$core$_write:A
cljs$core$aclone:Ja
cljs$core$apply:tc
cljs$core$apply$cljs$0core$0IFn$0_invoke$0arity$02:te
cljs$core$apply$cljs$0core$0IFn$0_invoke$0arity$03:ue
cljs$core$apply$cljs$0core$0IFn$0_invoke$0arity$04:ve
cljs$core$apply$cljs$0core$0IFn$0_invoke$0arity$05:we
cljs$core$apply$cljs$0core$0IFn$0_invoke$0arity$0variadic:xe
cljs$core$apply_to:ne
cljs$core$apply_to_simple$cljs$0core$0IFn$0_invoke$0arity$03:pe
cljs$core$apply_to_simple$cljs$0core$0IFn$0_invoke$0arity$04:qe
cljs$core$apply_to_simple$cljs$0core$0IFn$0_invoke$0arity$05:re
cljs$core$apply_to_simple$cljs$0core$0IFn$0_invoke$0arity$06:se
cljs$core$array__GT_transient_hash_map:bg
cljs$core$array_copy:rd
cljs$core$array_for:mf
cljs$core$array_index_of:Qf
cljs$core$array_reduce$cljs$0core$0IFn$0_invoke$0arity$02:Lc
cljs$core$array_reduce$cljs$0core$0IFn$0_invoke$0arity$03:Mc
cljs$core$array_reduce$cljs$0core$0IFn$0_invoke$0arity$04:Nc
cljs$core$assoc:T
cljs$core$assoc_BANG_$cljs$0core$0IFn$0_invoke$0arity$03:me
cljs$core$atom$cljs$0core$0IFn$0_invoke$0arity$01:Ne
cljs$core$bit_count:Pd
cljs$core$boolean$0:td
cljs$core$bounded_count:je
cljs$core$build_subvec:Gf
cljs$core$char$0:Md
cljs$core$char_escapes:bh
cljs$core$chunk_append:ie
cljs$core$chunk_buffer:fe
cljs$core$chunk_cons:he
cljs$core$chunked_seq:yf
cljs$core$chunked_seq$cljs$0core$0IFn$0_invoke$0arity$04:xf
cljs$core$chunked_seq$cljs$0core$0IFn$0_invoke$0arity$05:Ef
cljs$core$chunked_seq_QMARK_:qd
cljs$core$ci_reduce$cljs$0core$0IFn$0_invoke$0arity$02:Jc
cljs$core$ci_reduce$cljs$0core$0IFn$0_invoke$0arity$03:Kc
cljs$core$clone_and_set$cljs$0core$0IFn$0_invoke$0arity$03:dg
cljs$core$comp:He
cljs$core$compare:wd
cljs$core$compare_indexed$cljs$0core$0IFn$0_invoke$0arity$02:xd
cljs$core$compare_keywords:Wd
cljs$core$compare_symbols:qc
cljs$core$complement:Ge
cljs$core$concat:le
cljs$core$conj:bd
cljs$core$cons:Wc
cljs$core$contains_QMARK_:vd
cljs$core$count:Q
cljs$core$counted_QMARK_:Oc
cljs$core$create_array_node_seq:rg
cljs$core$create_array_node_seq$cljs$0core$0IFn$0_invoke$0arity$01:qg
cljs$core$create_array_node_seq$cljs$0core$0IFn$0_invoke$0arity$03:xg
cljs$core$create_inode_seq:jg
cljs$core$create_inode_seq$cljs$0core$0IFn$0_invoke$0arity$01:ig
cljs$core$create_inode_seq$cljs$0core$0IFn$0_invoke$0arity$03:vg
cljs$core$create_node:ng
cljs$core$create_node$cljs$0core$0IFn$0_invoke$0arity$06:og
cljs$core$create_node$cljs$0core$0IFn$0_invoke$0arity$07:mg
cljs$core$deref:Ic
cljs$core$distinct$cljs$0core$0IFn$0_invoke$0arity$01:Og
cljs$core$do_assoc:nf
cljs$core$doall$cljs$0core$0IFn$0_invoke$0arity$01:Wg
cljs$core$dominates:Fh
cljs$core$drop$cljs$0core$0IFn$0_invoke$0arity$02:Se
cljs$core$drop_last$cljs$0core$0IFn$0_invoke$0arity$02:Te
cljs$core$edit_and_set$cljs$0core$0IFn$0_invoke$0arity$04:eg
cljs$core$empty_QMARK_:kd
cljs$core$empty_ordered_hash:Cc
cljs$core$empty_unordered_hash:Ec
cljs$core$enable_console_print_BANG_:Da
cljs$core$equiv_map:Mf
cljs$core$equiv_sequential:Vc
cljs$core$es6_iterator:zc
cljs$core$es6_iterator_seq:vc
cljs$core$every_QMARK_:Ee
cljs$core$filter$cljs$0core$0IFn$0_invoke$0arity$02:Ze
cljs$core$find_and_cache_best_method:Gh
cljs$core$first:M
cljs$core$fn_QMARK_:gd
cljs$core$fn__GT_comparator:yd
cljs$core$fnil$cljs$0core$0IFn$0_invoke$0arity$02:Ke
cljs$core$get:C
cljs$core$get_global_hierarchy:xh
cljs$core$get_in$cljs$0core$0IFn$0_invoke$0arity$02:bf
cljs$core$group_by:vh
cljs$core$hash:oc
cljs$core$hash_collision_node_find_index:sg
cljs$core$hash_map:Dg
cljs$core$hash_ordered_coll:Bc
cljs$core$hash_string:nc
cljs$core$hash_symbol:pc
cljs$core$hash_unordered_coll:Dc
cljs$core$identity:Jd
cljs$core$imul:hc
cljs$core$inc:Fc
cljs$core$indexed_QMARK_:Pc
cljs$core$inode_kv_reduce:fg
cljs$core$integer_QMARK_:ud
cljs$core$interleave:We
cljs$core$interpose$cljs$0core$0IFn$0_invoke$0arity$02:Xe
cljs$core$into:af
cljs$core$isa_QMARK_$cljs$0core$0IFn$0_invoke$0arity$03:Bh
cljs$core$iter_reduce$cljs$0core$0IFn$0_invoke$0arity$02:Fd
cljs$core$iter_reduce$cljs$0core$0IFn$0_invoke$0arity$03:Gd
cljs$core$iterable_QMARK_:uc
cljs$core$keep$cljs$0core$0IFn$0_invoke$0arity$02:Le
cljs$core$key:Bf
cljs$core$key_test:Yf
cljs$core$keys:Tf
cljs$core$keyword:$d
cljs$core$keyword_identical_QMARK_:U
cljs$core$last:ad
cljs$core$lift_ns:oh
cljs$core$linear_traversal_nth$cljs$0core$0IFn$0_invoke$0arity$03:ed
cljs$core$list:Ud
cljs$core$lookup_sentinel:sd
cljs$core$m3_fmix:kc
cljs$core$m3_mix_H1:jc
cljs$core$m3_mix_K1:ic
cljs$core$map:Qe
cljs$core$map_QMARK_:nd
cljs$core$map_entry_QMARK_:Af
cljs$core$mapcat$cljs$0core$0IFn$0_invoke$0arity$0variadic:Ye
cljs$core$merge$cljs$0core$0IFn$0_invoke$0arity$0variadic:Gg
cljs$core$merge_with$cljs$0core$0IFn$0_invoke$0arity$0variadic:Hg
cljs$core$meta:jd
cljs$core$missing_protocol:Ga
cljs$core$name:ae
cljs$core$namespace:Xd
cljs$core$native_satisfies_QMARK_:w
cljs$core$never_equiv:Lf
cljs$core$new_path:hf
cljs$core$next:O
cljs$core$next_STAR_:oe
cljs$core$nil_iter:Ae
cljs$core$not:Ea
cljs$core$nth:Rc
cljs$core$nth$cljs$0core$0IFn$0_invoke$0arity$02:Qc
cljs$core$nth$cljs$0core$0IFn$0_invoke$0arity$03:S
cljs$core$pam_grow_seed_array:$f
cljs$core$pam_new_size:Zf
cljs$core$parents$cljs$0core$0IFn$0_invoke$0arity$01:Ch
cljs$core$partial$cljs$0core$0IFn$0_invoke$0arity$02:Ie
cljs$core$pop_tail:of
cljs$core$pr_opts:va
cljs$core$pr_sequential_writer:Yg
cljs$core$pr_str:kh
cljs$core$pr_str_STAR_:gc
cljs$core$pr_str_with_opts:jh
cljs$core$pr_writer:fh
cljs$core$pr_writer_impl:eh
cljs$core$prefers_STAR_:Eh
cljs$core$prim_seq$cljs$0core$0IFn$0_invoke$0arity$02:R
cljs$core$print_map:gh
cljs$core$print_meta_QMARK_:dh
cljs$core$print_prefix_map:ph
cljs$core$print_str:lh
cljs$core$println$cljs$0core$0IFn$0_invoke$0arity$0variadic:mh
cljs$core$push_tail:jf
cljs$core$pv_clone_node:ff
cljs$core$pv_fresh_node:ef
cljs$core$pv_reduce$cljs$0core$0IFn$0_invoke$0arity$04:rf
cljs$core$pv_reduce$cljs$0core$0IFn$0_invoke$0arity$05:sf
cljs$core$qualified_symbol_QMARK_:Zd
cljs$core$quot:Nd
cljs$core$quote_string:ch
cljs$core$range$cljs$0core$0IFn$0_invoke$0arity$02:Vg
cljs$core$ranged_iterator:qf
cljs$core$re_find:Xg
cljs$core$record_QMARK_:od
cljs$core$reduce:Ed
cljs$core$reduce$cljs$0core$0IFn$0_invoke$0arity$02:Hd
cljs$core$reduce$cljs$0core$0IFn$0_invoke$0arity$03:Dd
cljs$core$reduce_kv:Id
cljs$core$reduced_QMARK_:Hc
cljs$core$rem:Od
cljs$core$remove$cljs$0core$0IFn$0_invoke$0arity$02:$e
cljs$core$repeat$cljs$0core$0IFn$0_invoke$0arity$02:Ve
cljs$core$reset_BANG_:Oe
cljs$core$reset_cache:Dh
cljs$core$rest:wc
cljs$core$reverse:Td
cljs$core$second:$c
cljs$core$seq:I
cljs$core$seq_reduce:Yc
cljs$core$seq_reduce$cljs$0core$0IFn$0_invoke$0arity$02:Xc
cljs$core$seq_reduce$cljs$0core$0IFn$0_invoke$0arity$03:Zc
cljs$core$sequential_QMARK_:md
cljs$core$set:Ng
cljs$core$set_QMARK_:ld
cljs$core$simple_symbol_QMARK_:Yd
cljs$core$some:Fe
cljs$core$sort$cljs$0core$0IFn$0_invoke$0arity$02:zd
cljs$core$sort_by$cljs$0core$0IFn$0_invoke$0arity$02:Bd
cljs$core$sort_by$cljs$0core$0IFn$0_invoke$0arity$03:Cd
cljs$core$spread:ke
cljs$core$str:x
cljs$core$string_hash_cache:lc
cljs$core$string_hash_cache_count:mc
cljs$core$string_print:ah
cljs$core$strip_ns:nh
cljs$core$swap_BANG_:Pe
cljs$core$symbol:rc
cljs$core$t_cljs$0core6304:ze
cljs$core$tail_off:gf
cljs$core$take$cljs$0core$0IFn$0_invoke$0arity$02:Re
cljs$core$take_while$cljs$0core$0IFn$0_invoke$0arity$02:Qg
cljs$core$throw_no_method_error:Ih
cljs$core$to_array:Ad
cljs$core$transduce$cljs$0core$0IFn$0_invoke$0arity$04:Kd
cljs$core$truth_:v
cljs$core$tv_editable_root:vf
cljs$core$tv_editable_tail:wf
cljs$core$tv_ensure_editable:Hf
cljs$core$tv_push_tail:If
cljs$core$type:Fa
cljs$core$type__GT_str:Ha
cljs$core$unchecked_array_for:lf
cljs$core$update_in:cf
cljs$core$val:Cf
cljs$core$vals:Uf
cljs$core$vec:zf
cljs$core$vector_QMARK_:pd
cljs$core$vector_index_out_of_bounds:kf
cljs$core$with_meta:id
cljs$core$write_all$cljs$0core$0IFn$0_invoke$0arity$0variadic:$g
cljs$core$zipmap:Pg
cljs$cst$0$flush_on_newline:wa
cljs$cst$1$readably:xa
cljs$cst$105$more_marker:Zg
cljs$cst$106$alt_impl:hh
cljs$cst$107$fallback_impl:ih
cljs$cst$108$val:qh
cljs$cst$109$status:sh
cljs$cst$110$ready:th
cljs$cst$111$pending:uh
cljs$cst$128$parents:yh
cljs$cst$129$descendants:zh
cljs$cst$130$ancestors:Ah
cljs$cst$139$_AMPERSAND_:fk
cljs$cst$140$case_STAR_:Uh
cljs$cst$141$defrecord_STAR_:sk
cljs$cst$142$try:Kk
cljs$cst$143$ns_STAR_:Xl
cljs$cst$144$finally:vl
cljs$cst$145$loop_STAR_:Zk
cljs$cst$146$do:yl
cljs$cst$147$letfn_STAR_:uj
cljs$cst$148$if:km
cljs$cst$149$new:mj
cljs$cst$150$deftype_STAR_:mi
cljs$cst$151$let_STAR_:Gk
cljs$cst$152$js_STAR_:Bi
cljs$cst$153$fn_STAR_:Th
cljs$cst$154$recur:rl
cljs$cst$155$set_BANG_:Fi
cljs$cst$156$_DOT_:hk
cljs$cst$157$var:fm
cljs$cst$158$quote:El
cljs$cst$159$catch:Li
cljs$cst$160$throw:Yl
cljs$cst$161$def:yi
cljs$cst$166$ns:qj
cljs$cst$168$namespaces:pl
cljs$cst$169$vars:dl
cljs$cst$170$cur:jm
cljs$cst$171$line:Oh
cljs$cst$172$max:Ci
cljs$cst$173$base:wl
cljs$cst$177$parent:ol
cljs$cst$178$section:Rk
cljs$cst$179$start_col:ck
cljs$cst$180$indent:gl
cljs$cst$181$done_nl:Bj
cljs$cst$182$intra_block_nl:Zh
cljs$cst$183$prefix:Rh
cljs$cst$184$per_line_prefix:Qi
cljs$cst$185$suffix:Di
cljs$cst$186$logical_block_callback:Uk
cljs$cst$197$end_pos:Mi
cljs$cst$198$start_pos:jj
cljs$cst$199$type_tag:Gl
cljs$cst$2$meta:za
cljs$cst$200$data:hi
cljs$cst$201$trailing_white_space:Sh
cljs$cst$207$buffer_blob:ik
cljs$cst$208$type:$l
cljs$cst$209$logical_block:im
cljs$cst$212$nl_t:Ii
cljs$cst$213$start_block_t:kk
cljs$cst$214$end_block_t:gi
cljs$cst$215$relative_to:Vh
cljs$cst$216$offset:xi
cljs$cst$219$indent_t:Lk
cljs$cst$220$hierarchy:Dk
cljs$cst$221$default:Kh
cljs$cst$222$start:kl
cljs$cst$223$end:hj
cljs$cst$224$block:Il
cljs$cst$225$current:oi
cljs$cst$226$mandatory:kj
cljs$cst$227$fill:Cj
cljs$cst$228$linear:ai
cljs$cst$229$miser:ki
cljs$cst$230$buffer:bl
cljs$cst$231$logical_blocks:Ej
cljs$cst$232$buffering:sj
cljs$cst$233$mode:Ak
cljs$cst$234$pos:Vl
cljs$cst$235$writing:Pk
cljs$cst$239$miser_width:Pi
cljs$cst$240$buffer_block:Mj
cljs$cst$241$pretty_writer:nj
cljs$cst$242$sections:$k
cljs$cst$243$buffer_level:aj
cljs$cst$244$stream:pi
cljs$cst$245$circle:ej
cljs$cst$246$length:Zl
cljs$cst$247$level:dk
cljs$cst$248$lines:Jk
cljs$cst$249$dispatch:Xh
cljs$cst$250$pretty:al
cljs$cst$251$radix:Fk
cljs$cst$252$right_margin:Wj
cljs$cst$253$suppress_namespaces:bm
cljs$cst$256$seq:Tj
cljs$cst$257$rest:Yh
cljs$cst$260$func:xl
cljs$cst$261$def:ok
cljs$cst$262$params:zi
cljs$cst$265$colon:Z
cljs$cst$266$at:Hi
cljs$cst$267$parameter_from_args:Sk
cljs$cst$268$remaining_arg_count:Dj
cljs$cst$269$minpad:gm
cljs$cst$270$mincol:Ei
cljs$cst$271$colinc:bk
cljs$cst$272$padchar:vi
cljs$cst$273$commainterval:Ij
cljs$cst$274$commachar:Ek
cljs$cst$275$char_format:em
cljs$cst$276$up_arrow:gk
cljs$cst$277$colon_up_arrow:ci
cljs$cst$278$base_args:vj
cljs$cst$279$w:lk
cljs$cst$28$fn:Ol
cljs$cst$280$d:xk
cljs$cst$281$k:tk
cljs$cst$282$overflowchar:yk
cljs$cst$283$e:wk
cljs$cst$284$exponentchar:bi
cljs$cst$285$n:nk
cljs$cst$286$selector:Wk
cljs$cst$287$clauses:ql
cljs$cst$288$else:Sj
cljs$cst$289$max_iterations:Rl
cljs$cst$290$right_params:fl
cljs$cst$291$else_params:lm
cljs$cst$292$min_remaining:Bk
cljs$cst$293$max_columns:Al
cljs$cst$3$dup:Aa
cljs$cst$300$colnum:Sl
cljs$cst$301$string:Ph
cljs$cst$302$directive:Xi
cljs$cst$303$flags:lj
cljs$cst$304$both:Kl
cljs$cst$305$bracket_info:uk
cljs$cst$306$generator_fn:Qj
cljs$cst$307$count:Wh
cljs$cst$308$right:$h
cljs$cst$309$allows_separator:pj
cljs$cst$310$last:Fl
cljs$cst$311$separator:Vi
cljs$cst$312$first:Ik
cljs$cst$313$arg1:tj
cljs$cst$314$arg2:yj
cljs$cst$315$arg3:wj
cljs$cst$316$right_bracket:rk
cljs$cst$317$clojure_DOT_core_SLASH_deref:cm
cljs$cst$318$clojure_DOT_core_SLASH_unquote:bj
cljs$cst$319$cljs_DOT_core_SLASH_deref:Hl
cljs$cst$320$cljs_DOT_core_SLASH_unquote:zl
cljs$cst$321$cljs_DOT_core_SLASH_lift_ns:Ck
cljs$cst$322$private:Yk
cljs$cst$323$name:Hk
cljs$cst$324$file:Kj
cljs$cst$325$end_column:Zj
cljs$cst$326$column:Si
cljs$cst$327$end_line:hm
cljs$cst$328$arglists:Xj
cljs$cst$329$doc:Ji
cljs$cst$330$test:xj
cljs$cst$331$cljs_DOT_core:ji
cljs$cst$332$lift_ns:oj
cljs$cst$333$m:vk
cljs$cst$334$not_delivered:Ni
cljs$cst$335$queue:fj
cljs$cst$336$deref:Nl
cljs$cst$337$symbol:Ml
cljs$cst$338$list:rj
cljs$cst$339$map:Ai
cljs$cst$340$vector:ll
cljs$cst$341$set:Vj
cljs$cst$342$when_first:Yj
cljs$cst$343$condp:Lj
cljs$cst$344$_DOT__DOT_:ui
cljs$cst$345$defmacro:Nj
cljs$cst$346$defn:Uj
cljs$cst$347$loop:ul
cljs$cst$348$struct:Xk
cljs$cst$349$doseq:Tl
cljs$cst$350$if_not:il
cljs$cst$351$when_not:si
cljs$cst$352$when:Pl
cljs$cst$353$with_open:pk
cljs$cst$354$with_local_vars:$i
cljs$cst$355$defonce:sl
cljs$cst$356$when_let:ii
cljs$cst$357$dotimes:Ql
cljs$cst$358$cond:Wl
cljs$cst$359$let:el
cljs$cst$360$defn_:Cl
cljs$cst$361$locking:Jl
cljs$cst$362$__GT_:qi
cljs$cst$363$if_let:gj
cljs$cst$364$binding:mk
cljs$cst$365$struct_map:fi
cljs$cst$366$cljs_DOT_test_SLASH_default:Rj
cljs$cst$367$report_counters:ek
cljs$cst$368$pass:Nh
cljs$cst$369$fail:mm
cljs$cst$370$error:Wi
cljs$cst$371$testing_vars:Mh
cljs$cst$372$testing_contexts:Nk
cljs$cst$373$formatter:Ul
cljs$cst$374$reporter:Yi
cljs$cst$375$cljs_DOT_test_SLASH_pprint:Vk
cljs$cst$376$expected:ij
cljs$cst$377$actual:tl
cljs$cst$378$message:di
cljs$cst$379$summary:ri
cljs$cst$380$begin_test_ns:cl
cljs$cst$381$end_test_ns:cj
cljs$cst$382$begin_test_var:Gj
cljs$cst$383$end_test_var:Ki
cljs$cst$384$end_run_tests:ml
cljs$cst$385$end_test_all_vars:Zi
cljs$cst$386$end_test_vars:Ri
cljs$cst$387$source_map:Oj
cljs$cst$388$source:Hj
cljs$cst$389$col:wi
cljs$cst$390$cljs_DOT_test_SLASH_block_QMARK_:Pj
cljs$cst$391$var:nl
cljs$cst$392$before:Bl
cljs$cst$393$after:Ui
cljs$cst$394$none:dm
cljs$cst$395$fn:li
cljs$cst$396$async:Fj
cljs$cst$397$sync:Dl
cljs$cst$398$cljs_DOT_test_SLASH_async_disabled:dj
cljs$cst$399$once_fixtures:ak
cljs$cst$4$print_length:Ca
cljs$cst$400$each_fixtures:Qh
cljs$cst$401$_EQ_:zk
cljs$cst$402$expected:hl
cljs$cst$403$titleize_SLASH_titleize:Gi
cljs$cst$404$input:ei
cljs$cst$405$not:Ll
cljs$cst$406$excelsia_DOT_titleize_test_SLASH_titleize_test:Qk
cljs$cst$407$excelsia_DOT_titleize_test:qk
cljs$cst$408$titleize_test:Oi
cljs$cst$409$report_fn:Aj
cljs$cst$410$shadow_DOT_test_SLASH_report_fn:Jj
cljs$cst$411$fixtures:Ok
cljs$cst$412$once:Mk
cljs$cst$413$each:jk
cljs$cst$414$begin_run_tests:Tk
cljs$cst$415$var_count:ni
cljs$cst$416$ns_count:Ti
cljs$cst$417$help:am
cljs$cst$418$test_syms:jl
cljs$cst$6$ns:ti
cljs$pprint$_STAR_code_table_STAR_:Ep
cljs$pprint$_STAR_current_length_STAR_:sn
cljs$pprint$_STAR_current_level_STAR_:rn
cljs$pprint$_STAR_format_str_STAR_:Gn
cljs$pprint$_STAR_print_base_STAR_:qn
cljs$pprint$_STAR_print_circle_STAR_:nn
cljs$pprint$_STAR_print_lines_STAR_:mn
cljs$pprint$_STAR_print_miser_width_STAR_:gn
cljs$pprint$_STAR_print_pprint_dispatch_STAR_:ln
cljs$pprint$_STAR_print_pretty_STAR_:kn
cljs$pprint$_STAR_print_radix_STAR_:pn
cljs$pprint$_STAR_print_right_margin_STAR_:fn
cljs$pprint$_STAR_print_suppress_namespaces_STAR_:on
cljs$pprint$_STAR_symbol_map_STAR_:Dp
cljs$pprint$_ppflush:Dm
cljs$pprint$abort_QMARK_:ko
cljs$pprint$absolute_reposition:Ln
cljs$pprint$add_english_scales:bo
cljs$pprint$add_to_buffer:an
cljs$pprint$ancestor_QMARK_:Jm
cljs$pprint$arg_navigator:In
cljs$pprint$base_str:Sn
cljs$pprint$boolean_conditional:vo
cljs$pprint$brackets:tp
cljs$pprint$buffer_blob:Km
cljs$pprint$c_write_char:Gm
cljs$pprint$cached_compile:dp
cljs$pprint$capitalize_string:Io
cljs$pprint$capitalize_word_writer:Ko
cljs$pprint$char_code:ym
cljs$pprint$check_arg_conditional:wo
cljs$pprint$check_enumerated_arg:xn
cljs$pprint$check_flags:Wo
cljs$pprint$choice_conditional:uo
cljs$pprint$cl_format$cljs$0core$0IFn$0_invoke$0arity$0variadic:Bn
cljs$pprint$code_dispatch:Fp
cljs$pprint$collect_clauses:ap
cljs$pprint$compile_directive:Yo
cljs$pprint$compile_format:Cn
cljs$pprint$compile_raw_string:Zo
cljs$pprint$compiled_directive:Nn
cljs$pprint$conditional_newline:Oo
cljs$pprint$consume:Am
cljs$pprint$directive_table:Po
cljs$pprint$dollar_float:to
cljs$pprint$downcase_writer:Fo
cljs$pprint$emit_nl:Qm
cljs$pprint$emit_nl_QMARK_:Vm
cljs$pprint$end_block:jn
cljs$pprint$end_block_t:Nm
cljs$pprint$english_cardinal_tens:Yn
cljs$pprint$english_cardinal_units:Wn
cljs$pprint$english_ordinal_tens:Zn
cljs$pprint$english_ordinal_units:Xn
cljs$pprint$english_scale_numbers:$n
cljs$pprint$execute_format$cljs$0core$0IFn$0_invoke$0arity$02:Fn
cljs$pprint$execute_sub_format:lo
cljs$pprint$exponential_float:ro
cljs$pprint$extract_flags:Vo
cljs$pprint$extract_param:So
cljs$pprint$fixed_float:qo
cljs$pprint$flag_defs:Uo
cljs$pprint$float_parts:mo
cljs$pprint$format_ascii:Rn
cljs$pprint$format_error:Hn
cljs$pprint$format_integer:Vn
cljs$pprint$format_roman:fo
cljs$pprint$format_simple_cardinal:ao
cljs$pprint$general_float:so
cljs$pprint$get_field:Em
cljs$pprint$get_fixed:oo
cljs$pprint$get_format_arg:Kn
cljs$pprint$get_section:Wm
cljs$pprint$get_sub_section:Xm
cljs$pprint$group_by_STAR_:Un
cljs$pprint$indent_t:Om
cljs$pprint$init_cap_writer:Mo
cljs$pprint$init_navigator:Dn
cljs$pprint$insert_scaled_decimal:po
cljs$pprint$iterate_list_of_sublists:yo
cljs$pprint$iterate_main_list:zo
cljs$pprint$iterate_main_sublists:Ao
cljs$pprint$iterate_sublist:xo
cljs$pprint$justify_clauses:Co
cljs$pprint$level_exceeded:yn
cljs$pprint$linear_nl_QMARK_:Tm
cljs$pprint$logical_block:Im
cljs$pprint$logical_block_or_justify:Bo
cljs$pprint$map_params:Xo
cljs$pprint$map_passing_context:zm
cljs$pprint$miser_nl_QMARK_:Um
cljs$pprint$multi_defn:xp
cljs$pprint$needs_pretty:En
cljs$pprint$new_roman_table:eo
cljs$pprint$next_arg:Jn
cljs$pprint$nl_t:Lm
cljs$pprint$old_roman_table:co
cljs$pprint$param_pattern:Qo
cljs$pprint$plain_character:jo
cljs$pprint$pprint:wn
cljs$pprint$pprint_binding_form:Ap
cljs$pprint$pprint_defn:yp
cljs$pprint$pprint_hold_first:vp
cljs$pprint$pprint_if:Cp
cljs$pprint$pprint_indent:An
cljs$pprint$pprint_let:Bp
cljs$pprint$pprint_map:hp
cljs$pprint$pprint_newline:zn
cljs$pprint$pprint_ns_reference:up
cljs$pprint$pprint_pqueue:lp
cljs$pprint$pprint_reader_macro:fp
cljs$pprint$pprint_set:jp
cljs$pprint$pprint_simple_code_list:zp
cljs$pprint$pprint_simple_default:ip
cljs$pprint$pprint_vector:gp
cljs$pprint$pr:wm
cljs$pprint$pretty_character:ho
cljs$pprint$pretty_writer:en
cljs$pprint$pretty_writer_QMARK_:tn
cljs$pprint$print:vm
cljs$pprint$prn:xm
cljs$pprint$process_bracket:$o
cljs$pprint$process_clause:bp
cljs$pprint$process_nesting:cp
cljs$pprint$readable_character:io
cljs$pprint$reader_macros:ep
cljs$pprint$realize_parameter:On
cljs$pprint$realize_parameter_list:Pn
cljs$pprint$relative_reposition:Mn
cljs$pprint$remainders:Tn
cljs$pprint$render_clauses:Do
cljs$pprint$round_str:no
cljs$pprint$set_field:Fm
cljs$pprint$set_indent:No
cljs$pprint$simple_dispatch:np
cljs$pprint$single_defn:wp
cljs$pprint$special_chars:go
cljs$pprint$special_params:Ro
cljs$pprint$special_radix_markers:Qn
cljs$pprint$split_at_newline:Ym
cljs$pprint$start_block:hn
cljs$pprint$start_block_t:Mm
cljs$pprint$t_cljs$0pprint7649:Hm
cljs$pprint$t_cljs$0pprint8849:dn
cljs$pprint$t_cljs$0pprint9234:Eo
cljs$pprint$t_cljs$0pprint9240:Go
cljs$pprint$t_cljs$0pprint9246:Jo
cljs$pprint$t_cljs$0pprint9252:Lo
cljs$pprint$tokens_fit_QMARK_:Sm
cljs$pprint$translate_param:To
cljs$pprint$tuple_map:Cm
cljs$pprint$type_dispatcher:mp
cljs$pprint$type_map:kp
cljs$pprint$unzip_map:Bm
cljs$pprint$upcase_writer:Ho
cljs$pprint$write:vn
cljs$pprint$write_initial_lines:cn
cljs$pprint$write_line:$m
cljs$pprint$write_out:un
cljs$pprint$write_token:Pm
cljs$pprint$write_token_string:Zm
cljs$pprint$write_tokens:Rm
cljs$pprint$write_white_space:bn
cljs$test$IAsyncTest:Wp
cljs$test$_STAR_current_env_STAR_:Mp
cljs$test$async_QMARK_:Xp
cljs$test$block:Zp
cljs$test$compose_fixtures:cq
cljs$test$default_fixture:bq
cljs$test$disable_async:eq
cljs$test$do_report:Vp
cljs$test$empty_env$cljs$0core$0IFn$0_invoke$0arity$01:Lp
cljs$test$execution_strategy:dq
cljs$test$file_and_line:Up
cljs$test$get_current_env:Np
cljs$test$inc_report_counter_BANG_:Rp
cljs$test$print_comparison:Tp
cljs$test$report:Sp
cljs$test$run_block:Yp
cljs$test$test_var_block:aq
cljs$test$test_var_block_STAR_:$p
cljs$test$testing_vars_str:Qp
cljs$test$update_current_env_BANG_:Op
cljs$test$update_current_env_BANG_$cljs$0core$0IFn$0_invoke$0arity$0variadic:Pp
cljs$test$wrap_map_fixtures:Je
clojure$string$replace:rm
clojure$string$replace_all:pm
clojure$string$replace_with:qm
clojure$string$split$cljs$0core$0IFn$0_invoke$0arity$03:um
clojure$string$split_with_empty_regex:tm
clojure$string$upper_case:sm
excelsia$titleize_test$result_map:fq
excelsia$titleize_test$titleize_test:gq
goog$UID_PROPERTY_:ca
goog$getUid:ba
goog$string$StringBuffer:oa
goog$string$internal$isEmptyOrWhitespace:ea
goog$string$internal$trim:fa
goog$string$isUnicodeChar:na
goog$typeOf:aa
goog$uidCounter_:da
hierarchy__5646__auto__$jscomp$inline_1282:sp
hierarchy__5646__auto__$jscomp$inline_1316:Kp
method_cache__5644__auto__$jscomp$inline_1280:qp
method_cache__5644__auto__$jscomp$inline_1314:Ip
method_table__5642__auto__$jscomp$inline_1278:op
method_table__5642__auto__$jscomp$inline_1312:Gp
module$contents$goog$array_defaultCompare:ja
module$contents$goog$array_sort:ia
module$contents$goog$array_stableSort:la
module$contents$goog$object_getKeys:ha
prefer_table__5643__auto__$jscomp$inline_1279:pp
prefer_table__5643__auto__$jscomp$inline_1313:Hp
shadow$test$env$get_test_vars:om
shadow$test$env$tests_ref:nm
shadow$test$finish_test_run:jq
shadow$test$node$execute_cli:pq
shadow$test$node$find_matching_test_vars:oq
shadow$test$node$main:qq
shadow$test$node$parse_args:nq
shadow$test$node$reset_test_data_BANG_:mq
shadow$test$prepare_test_run:iq
shadow$test$run_all_tests$cljs$0core$0IFn$0_invoke$0arity$02:lq
shadow$test$run_tests$cljs$0core$0IFn$0_invoke$0arity$02:kq
shadow$test$test_vars_grouped_block:hq
